2025-06-21 12:24:38,056 - INFO - ## License Plate Detected: , Color: White, Bounding Box: [253, 545, 389, 588]
2025-06-21 12:24:41,047 - INFO - ## License Plate Detected: ITWASCKES11, Color: White, Bounding Box: [160, 569, 302, 611]
2025-06-21 12:24:47,748 - INFO - ## License Plate Detected: 5THASCEES7, Color: White, Bounding Box: [49, 595, 208, 644]
2025-06-21 12:24:50,376 - INFO - ## License Plate Detected: S541, Color: White, Bounding Box: [0, 639, 84, 684]
2025-06-21 12:25:17,312 - INFO - ## License Plate Detected: TNOZAU2673, Color: White, Bounding Box: [360, 592, 477, 633]
2025-06-21 12:25:19,684 - INFO - ## License Plate Detected: TNO2AU2673, Color: White, Bounding Box: [268, 613, 393, 652]
2025-06-21 12:25:23,554 - INFO - ## License Plate Detected: TNOZAU2673, Color: White, Bounding Box: [10, 661, 165, 714]
2025-06-21 12:31:56,729 - INFO - ## License Plate Detected: , Color: Yellow, Bounding Box: [1160, 233, 1200, 277]
2025-06-21 12:32:01,157 - INFO - ## License Plate Detected: HATH, Color: Yellow, Bounding Box: [1303, 253, 1359, 284]
2025-06-21 12:32:04,321 - INFO - ## License Plate Detected: , Color: White, Bounding Box: [1704, 596, 1808, 667]
2025-06-21 12:32:04,626 - INFO - ## License Plate Detected: DEL4, Color: White, Bounding Box: [1705, 595, 1839, 683]
2025-06-21 12:32:05,199 - INFO - ## License Plate Detected: ER, Color: White, Bounding Box: [1215, 185, 1290, 254]
2025-06-21 12:32:06,806 - INFO - ## License Plate Detected: , Color: White, Bounding Box: [1662, 560, 1768, 618]
2025-06-21 12:32:08,592 - INFO - ## License Plate Detected: , Color: White, Bounding Box: [1623, 529, 1725, 578]
2025-06-21 12:32:20,550 - INFO - ## License Plate Detected: , Color: White, Bounding Box: [1393, 423, 1446, 454]
2025-06-21 12:32:23,791 - INFO - ## License Plate Detected: , Color: White, Bounding Box: [1353, 438, 1400, 465]
2025-06-21 12:32:42,053 - INFO - ## License Plate Detected: 7NSOAF5709, Color: White, Bounding Box: [426, 412, 540, 445]
2025-06-21 12:32:43,704 - INFO - ## License Plate Detected: TNSOAFS709, Color: White, Bounding Box: [364, 407, 490, 441]
2025-06-21 12:32:45,358 - INFO - ## License Plate Detected: THSOAFS709, Color: White, Bounding Box: [306, 422, 439, 458]
2025-06-21 12:32:46,840 - INFO - ## License Plate Detected: TH50AF5709, Color: White, Bounding Box: [234, 437, 379, 479]
2025-06-21 12:32:47,121 - INFO - ## License Plate Detected: PLI, Color: Yellow, Bounding Box: [1362, 300, 1405, 334]
2025-06-21 12:32:49,728 - INFO - ## License Plate Detected: , Color: White, Bounding Box: [29, 490, 205, 536]
2025-06-21 12:32:51,157 - INFO - ## License Plate Detected: E5709, Color: White, Bounding Box: [0, 530, 98, 580]
2025-06-21 12:33:02,902 - INFO - ## License Plate Detected: UL, Color: Yellow, Bounding Box: [1337, 190, 1389, 220]
2025-06-21 12:33:05,077 - INFO - ## License Plate Detected: AYIA, Color: White, Bounding Box: [1339, 289, 1395, 326]
2025-06-21 12:33:06,899 - INFO - ## License Plate Detected: ETEOEY, Color: White, Bounding Box: [4, 794, 155, 846]
2025-06-21 12:33:27,292 - INFO - ## License Plate Detected: AIT, Color: Yellow, Bounding Box: [1441, 324, 1503, 364]
2025-06-21 12:33:27,589 - INFO - ## License Plate Detected: CO, Color: White, Bounding Box: [862, 358, 909, 386]
2025-06-21 12:33:30,539 - INFO - ## License Plate Detected: ALO, Color: White, Bounding Box: [1450, 323, 1518, 368]
2025-06-21 12:33:33,384 - INFO - ## License Plate Detected: FT, Color: Yellow, Bounding Box: [1462, 323, 1523, 362]
2025-06-21 12:33:33,658 - INFO - ## License Plate Detected: , Color: White, Bounding Box: [767, 387, 833, 427]
2025-06-21 12:33:35,253 - INFO - ## License Plate Detected: WIT, Color: Yellow, Bounding Box: [1460, 323, 1524, 364]
2025-06-21 12:33:35,542 - INFO - ## License Plate Detected: , Color: White, Bounding Box: [738, 404, 803, 441]
2025-06-21 12:33:37,134 - INFO - ## License Plate Detected: , Color: White, Bounding Box: [691, 416, 762, 459]
2025-06-21 12:33:38,901 - INFO - ## License Plate Detected: BS, Color: White, Bounding Box: [634, 419, 711, 470]
2025-06-21 12:33:39,270 - INFO - ## License Plate Detected: , Color: Yellow, Bounding Box: [1453, 291, 1520, 344]
2025-06-21 12:33:42,378 - INFO - ## License Plate Detected: , Color: Yellow, Bounding Box: [1439, 288, 1504, 334]
2025-06-21 12:33:48,086 - INFO - ## License Plate Detected: AGE, Color: Yellow, Bounding Box: [1414, 284, 1486, 346]
2025-06-21 12:33:50,030 - INFO - ## License Plate Detected: , Color: Yellow, Bounding Box: [1411, 288, 1481, 343]
2025-06-21 12:33:52,100 - INFO - ## License Plate Detected: MOI, Color: Yellow, Bounding Box: [1412, 292, 1480, 339]
2025-06-21 12:34:33,172 - INFO - ## License Plate Detected: , Color: Yellow, Bounding Box: [52, 89, 221, 145]
2025-06-21 12:34:34,640 - INFO - ## License Plate Detected: , Color: Yellow, Bounding Box: [66, 80, 238, 134]
2025-06-21 12:34:36,030 - INFO - ## License Plate Detected: , Color: Yellow, Bounding Box: [79, 72, 247, 130]
2025-06-21 12:34:37,418 - INFO - ## License Plate Detected: , Color: Yellow, Bounding Box: [92, 67, 254, 114]
2025-06-21 12:34:38,929 - INFO - ## License Plate Detected: , Color: Yellow, Bounding Box: [97, 61, 274, 111]
2025-06-21 12:34:57,016 - INFO - ## License Plate Detected: ANV1EMU, Color: White, Bounding Box: [318, 280, 397, 309]
2025-06-21 12:35:00,770 - INFO - ## License Plate Detected: BUL, Color: White, Bounding Box: [381, 353, 463, 383]
2025-06-21 12:35:02,895 - INFO - ## License Plate Detected: WAWA, Color: White, Bounding Box: [432, 436, 511, 463]
2025-06-21 12:35:05,628 - INFO - ## License Plate Detected: SETSTE, Color: White, Bounding Box: [458, 502, 540, 528]
2025-06-21 12:35:10,390 - INFO - ## License Plate Detected: TH11BESS, Color: White, Bounding Box: [442, 509, 526, 537]
2025-06-21 12:35:31,243 - INFO - ## License Plate Detected: TWTTESECS, Color: White, Bounding Box: [310, 545, 413, 574]
2025-06-21 12:35:46,958 - INFO - ## License Plate Detected: , Color: White, Bounding Box: [1753, 707, 1835, 747]
2025-06-21 12:35:50,260 - INFO - ## License Plate Detected: NARS, Color: Yellow, Bounding Box: [1760, 690, 1841, 731]
2025-06-21 12:35:53,793 - INFO - ## License Plate Detected: NAN, Color: White, Bounding Box: [1766, 670, 1849, 712]
2025-06-21 12:35:54,259 - INFO - ## License Plate Detected: KBS, Color: White, Bounding Box: [420, 451, 507, 506]
2025-06-21 12:35:57,640 - INFO - ## License Plate Detected: , Color: White, Bounding Box: [1763, 624, 1849, 663]
2025-06-21 12:36:04,025 - INFO - ## License Plate Detected: , Color: White, Bounding Box: [1738, 565, 1822, 606]
2025-06-21 12:36:08,064 - INFO - ## License Plate Detected: NST, Color: Yellow, Bounding Box: [1708, 536, 1789, 578]
2025-06-21 12:36:11,338 - INFO - ## License Plate Detected: SE, Color: Yellow, Bounding Box: [1682, 506, 1763, 548]
2025-06-21 12:36:16,462 - INFO - ## License Plate Detected: ESAS, Color: White, Bounding Box: [1669, 486, 1754, 528]
2025-06-21 12:36:19,895 - INFO - ## License Plate Detected: , Color: Yellow, Bounding Box: [1667, 470, 1753, 516]
2025-06-21 12:36:23,652 - INFO - ## License Plate Detected: INAS, Color: Yellow, Bounding Box: [1675, 467, 1760, 512]
2025-06-21 12:36:25,342 - INFO - ## License Plate Detected: , Color: White, Bounding Box: [1681, 472, 1767, 515]
2025-06-21 12:36:26,865 - INFO - ## License Plate Detected: ACA, Color: White, Bounding Box: [1685, 478, 1768, 522]
2025-06-21 12:36:28,235 - INFO - ## License Plate Detected: NERAST, Color: Yellow, Bounding Box: [1680, 487, 1763, 528]
2025-06-21 12:36:29,552 - INFO - ## License Plate Detected: , Color: White, Bounding Box: [1675, 488, 1760, 532]
2025-06-21 12:36:30,872 - INFO - ## License Plate Detected: NEAT, Color: White, Bounding Box: [1670, 488, 1758, 533]
2025-06-21 12:36:32,282 - INFO - ## License Plate Detected: , Color: White, Bounding Box: [1667, 488, 1754, 533]
2025-06-21 12:36:33,947 - INFO - ## License Plate Detected: ASTA, Color: White, Bounding Box: [1670, 487, 1757, 533]
2025-06-21 12:36:35,543 - INFO - ## License Plate Detected: NY, Color: White, Bounding Box: [1679, 491, 1765, 535]
2025-06-21 12:36:37,123 - INFO - ## License Plate Detected: , Color: White, Bounding Box: [1686, 491, 1779, 538]
2025-06-21 12:36:38,707 - INFO - ## License Plate Detected: , Color: White, Bounding Box: [1695, 494, 1786, 542]
2025-06-21 12:36:41,811 - INFO - ## License Plate Detected: , Color: White, Bounding Box: [1708, 496, 1802, 543]
2025-06-21 12:36:43,875 - INFO - ## License Plate Detected: , Color: White, Bounding Box: [1714, 490, 1805, 538]
2025-06-21 12:36:45,691 - INFO - ## License Plate Detected: WR, Color: White, Bounding Box: [1719, 486, 1810, 533]
2025-06-21 12:36:47,581 - INFO - ## License Plate Detected: NR, Color: White, Bounding Box: [1725, 479, 1817, 526]
2025-06-21 12:36:49,302 - INFO - ## License Plate Detected: , Color: White, Bounding Box: [1734, 467, 1830, 518]
2025-06-21 12:36:51,106 - INFO - ## License Plate Detected: NT, Color: White, Bounding Box: [1748, 459, 1837, 507]
2025-06-21 12:36:52,832 - INFO - ## License Plate Detected: WI, Color: White, Bounding Box: [1778, 438, 1873, 486]
2025-06-21 12:36:54,583 - INFO - ## License Plate Detected: SEWER, Color: White, Bounding Box: [1789, 429, 1885, 479]
2025-06-21 12:36:56,425 - INFO - ## License Plate Detected: AA, Color: White, Bounding Box: [1807, 421, 1907, 474]
2025-06-21 12:36:56,765 - INFO - ## License Plate Detected: BS, Color: White, Bounding Box: [309, 369, 401, 422]
2025-06-21 12:36:58,661 - INFO - ## License Plate Detected: NS, Color: White, Bounding Box: [1826, 421, 1916, 469]
2025-06-21 12:37:00,464 - INFO - ## License Plate Detected: RAY, Color: White, Bounding Box: [1839, 420, 1918, 468]
2025-06-21 12:37:02,224 - INFO - ## License Plate Detected: , Color: White, Bounding Box: [1850, 424, 1919, 468]
2025-06-21 12:37:03,956 - INFO - ## License Plate Detected: , Color: White, Bounding Box: [1857, 420, 1919, 471]
2025-06-21 12:37:28,444 - INFO - ## License Plate Detected: , Color: Yellow, Bounding Box: [1697, 525, 1769, 564]
2025-06-21 12:37:30,262 - INFO - ## License Plate Detected: , Color: Yellow, Bounding Box: [1657, 541, 1725, 581]
2025-06-21 12:37:32,129 - INFO - ## License Plate Detected: , Color: White, Bounding Box: [1641, 549, 1710, 590]
2025-06-21 12:37:32,518 - INFO - ## License Plate Detected: KRBS, Color: White, Bounding Box: [141, 462, 260, 510]
2025-06-21 12:37:38,125 - INFO - ## License Plate Detected: , Color: White, Bounding Box: [1626, 580, 1696, 621]
2025-06-21 12:37:40,271 - INFO - ## License Plate Detected: EIT, Color: White, Bounding Box: [1624, 586, 1693, 628]
2025-06-21 12:37:42,237 - INFO - ## License Plate Detected: , Color: White, Bounding Box: [1617, 588, 1688, 631]
2025-06-21 12:37:44,294 - INFO - ## License Plate Detected: KBS, Color: White, Bounding Box: [86, 506, 209, 560]
2025-06-21 12:37:47,673 - INFO - ## License Plate Detected: , Color: White, Bounding Box: [1594, 572, 1668, 615]
2025-06-21 12:37:52,648 - INFO - ## License Plate Detected: GU, Color: White, Bounding Box: [1642, 466, 1712, 511]
2025-06-21 12:37:54,504 - INFO - ## License Plate Detected: , Color: White, Bounding Box: [1670, 414, 1742, 461]
2025-06-21 12:37:56,531 - INFO - ## License Plate Detected: , Color: White, Bounding Box: [1698, 363, 1771, 410]
2025-06-21 12:37:58,791 - INFO - ## License Plate Detected: , Color: White, Bounding Box: [1721, 316, 1794, 364]
2025-06-21 12:38:00,890 - INFO - ## License Plate Detected: , Color: White, Bounding Box: [1741, 285, 1817, 333]
2025-06-21 12:38:06,074 - INFO - ## License Plate Detected: EAE, Color: Yellow, Bounding Box: [1760, 864, 1846, 903]
2025-06-21 12:38:07,961 - INFO - ## License Plate Detected: WICCA, Color: Yellow, Bounding Box: [1720, 872, 1804, 914]
2025-06-21 12:38:09,854 - INFO - ## License Plate Detected: WANA, Color: Yellow, Bounding Box: [1686, 874, 1767, 915]
2025-06-21 12:38:11,758 - INFO - ## License Plate Detected: , Color: Yellow, Bounding Box: [1655, 870, 1737, 911]
2025-06-21 12:38:13,631 - INFO - ## License Plate Detected: QIN, Color: Yellow, Bounding Box: [1617, 870, 1699, 911]
2025-06-21 12:38:15,596 - INFO - ## License Plate Detected: , Color: White, Bounding Box: [1561, 879, 1641, 920]
2025-06-21 12:38:17,484 - INFO - ## License Plate Detected: ALEE, Color: Yellow, Bounding Box: [1496, 901, 1575, 942]
2025-06-21 12:38:19,625 - INFO - ## License Plate Detected: BISAL, Color: Yellow, Bounding Box: [1458, 916, 1536, 957]
2025-06-21 12:38:22,087 - INFO - ## License Plate Detected: PIED, Color: Yellow, Bounding Box: [1441, 923, 1518, 965]
2025-06-21 12:38:24,138 - INFO - ## License Plate Detected: , Color: Yellow, Bounding Box: [1427, 928, 1507, 970]
2025-06-21 12:38:27,751 - INFO - ## License Plate Detected: , Color: Yellow, Bounding Box: [1423, 939, 1504, 984]
2025-06-21 12:38:29,357 - INFO - ## License Plate Detected: , Color: Yellow, Bounding Box: [1427, 950, 1509, 994]
2025-06-21 12:38:32,480 - INFO - ## License Plate Detected: , Color: Yellow, Bounding Box: [1444, 970, 1527, 1015]
2025-06-21 12:38:34,158 - INFO - ## License Plate Detected: BIE, Color: Yellow, Bounding Box: [1459, 985, 1542, 1025]
2025-06-21 12:38:35,867 - INFO - ## License Plate Detected: PIED, Color: Yellow, Bounding Box: [1474, 1004, 1560, 1047]
2025-06-21 12:38:37,491 - INFO - ## License Plate Detected: , Color: Yellow, Bounding Box: [1493, 1028, 1581, 1072]
2025-06-21 12:38:43,833 - INFO - ## License Plate Detected: PAC, Color: White, Bounding Box: [1759, 962, 1884, 1021]
2025-06-21 12:38:46,063 - INFO - ## License Plate Detected: , Color: White, Bounding Box: [1815, 901, 1919, 959]
2025-06-21 12:40:50,254 - INFO - ## License Plate Detected: TI, Color: Yellow, Bounding Box: [1832, 881, 1919, 929]
2025-06-21 12:40:52,471 - INFO - ## License Plate Detected: TRAE, Color: Yellow, Bounding Box: [1691, 831, 1880, 873]
2025-06-21 12:40:52,884 - INFO - ## License Plate Detected: , Color: Yellow, Bounding Box: [1733, 651, 1891, 761]
2025-06-21 12:41:00,890 - INFO - ## License Plate Detected: , Color: Yellow, Bounding Box: [1199, 540, 1244, 600]
2025-06-21 12:41:01,666 - INFO - ## License Plate Detected: , Color: Yellow, Bounding Box: [1519, 630, 1643, 709]
2025-06-21 12:41:02,395 - INFO - ## License Plate Detected: TARUSTPSA, Color: White, Bounding Box: [1491, 768, 1635, 800]
2025-06-21 12:41:08,261 - INFO - ## License Plate Detected: , Color: Yellow, Bounding Box: [1330, 656, 1411, 689]
2025-06-21 12:41:08,877 - INFO - ## License Plate Detected: TMSUESA, Color: White, Bounding Box: [1416, 748, 1550, 780]
2025-06-21 12:41:13,037 - INFO - ## License Plate Detected: , Color: Yellow, Bounding Box: [1371, 559, 1481, 596]
2025-06-21 12:41:13,762 - INFO - ## License Plate Detected: TNIONRSA, Color: Yellow, Bounding Box: [1359, 724, 1476, 755]
2025-06-21 12:41:14,469 - INFO - ## License Plate Detected: PEUSN, Color: Yellow, Bounding Box: [1373, 611, 1481, 684]
2025-06-21 12:41:14,931 - INFO - ## License Plate Detected: , Color: Yellow, Bounding Box: [1275, 645, 1351, 680]
2025-06-21 12:41:18,815 - INFO - ## License Plate Detected: STOP, Color: Yellow, Bounding Box: [1224, 639, 1297, 669]
2025-06-21 12:41:19,297 - INFO - ## License Plate Detected: , Color: Yellow, Bounding Box: [1048, 533, 1122, 588]
2025-06-21 12:41:19,785 - INFO - ## License Plate Detected: , Color: Yellow, Bounding Box: [1319, 608, 1417, 669]
2025-06-21 12:41:24,215 - INFO - ## License Plate Detected: AE, Color: Yellow, Bounding Box: [1270, 601, 1360, 660]
2025-06-21 12:41:25,114 - INFO - ## License Plate Detected: FIO, Color: Yellow, Bounding Box: [1252, 695, 1360, 726]
2025-06-21 12:48:43,100 - INFO - ## License Plate Detected: BJ16, Color: Yellow, Bounding Box: [1837, 588, 1919, 631]
2025-06-21 12:48:46,118 - INFO - ## License Plate Detected: BJ1685, Color: Yellow, Bounding Box: [1797, 586, 1908, 631]
2025-06-21 12:48:48,435 - INFO - ## License Plate Detected: BUIEAS, Color: Yellow, Bounding Box: [1786, 586, 1869, 626]
2025-06-21 12:48:50,077 - INFO - ## License Plate Detected: BJ1685, Color: Yellow, Bounding Box: [1741, 581, 1838, 624]
2025-06-21 12:48:52,264 - INFO - ## License Plate Detected: IBU1E35, Color: Yellow, Bounding Box: [1707, 581, 1803, 620]
2025-06-21 12:48:54,284 - INFO - ## License Plate Detected: FB1685, Color: Yellow, Bounding Box: [1678, 578, 1786, 619]
2025-06-21 12:48:56,452 - INFO - ## License Plate Detected: BJ1685, Color: Yellow, Bounding Box: [1655, 577, 1746, 616]
2025-06-21 12:48:58,182 - INFO - ## License Plate Detected: BJ1685, Color: Yellow, Bounding Box: [1629, 576, 1717, 612]
2025-06-21 12:48:59,861 - INFO - ## License Plate Detected: BJ1685, Color: Yellow, Bounding Box: [1608, 573, 1692, 610]
2025-06-21 12:49:03,337 - INFO - ## License Plate Detected: BJ1685, Color: Yellow, Bounding Box: [1585, 571, 1673, 611]
2025-06-21 12:49:07,031 - INFO - ## License Plate Detected: BJ1685, Color: Yellow, Bounding Box: [1561, 573, 1651, 608]
2025-06-21 12:49:10,873 - INFO - ## License Plate Detected: BJ1685, Color: Yellow, Bounding Box: [1561, 573, 1630, 606]
2025-06-21 12:49:14,641 - INFO - ## License Plate Detected: BJ1685, Color: Yellow, Bounding Box: [1529, 570, 1617, 607]
2025-06-21 12:49:18,295 - INFO - ## License Plate Detected: BJ1685, Color: Yellow, Bounding Box: [1507, 570, 1600, 605]
2025-06-21 12:49:22,793 - INFO - ## License Plate Detected: BJ1685, Color: Yellow, Bounding Box: [1490, 572, 1575, 602]
2025-06-21 12:49:30,881 - INFO - ## License Plate Detected: BJ16A5, Color: Yellow, Bounding Box: [1464, 568, 1537, 598]
2025-06-21 12:49:35,233 - INFO - ## License Plate Detected: BJ1685, Color: Yellow, Bounding Box: [1452, 567, 1524, 597]
2025-06-21 12:49:38,813 - INFO - ## License Plate Detected: BJ1685, Color: Yellow, Bounding Box: [1435, 566, 1506, 594]
2025-06-21 12:49:42,394 - INFO - ## License Plate Detected: , Color: Yellow, Bounding Box: [1425, 562, 1482, 592]
2025-06-21 12:49:46,058 - INFO - ## License Plate Detected: BJ1685, Color: Yellow, Bounding Box: [1414, 563, 1482, 591]
2025-06-21 12:49:49,661 - INFO - ## License Plate Detected: B1685, Color: Yellow, Bounding Box: [1398, 562, 1460, 590]
2025-06-21 12:49:53,225 - INFO - ## License Plate Detected: B1685, Color: Yellow, Bounding Box: [1384, 563, 1451, 589]
2025-06-21 12:49:56,787 - INFO - ## License Plate Detected: BU1685, Color: Yellow, Bounding Box: [1373, 560, 1439, 588]
2025-06-21 12:50:00,934 - INFO - ## License Plate Detected: BU1685, Color: Yellow, Bounding Box: [1362, 559, 1422, 586]
2025-06-21 12:50:04,563 - INFO - ## License Plate Detected: BI1685, Color: Yellow, Bounding Box: [1348, 557, 1415, 584]
2025-06-21 12:50:08,224 - INFO - ## License Plate Detected: BU1685, Color: Yellow, Bounding Box: [1346, 556, 1401, 581]
2025-06-21 12:52:47,008 - INFO - ## License Plate Detected: , Color: Yellow, Bounding Box: [1294, 346, 1349, 399]
2025-06-21 12:52:48,326 - INFO - ## License Plate Detected: , Color: Yellow, Bounding Box: [1285, 342, 1336, 392]
2025-06-21 12:53:01,215 - INFO - ## License Plate Detected: , Color: Yellow, Bounding Box: [1278, 316, 1304, 419]
2025-06-21 12:53:05,270 - INFO - ## License Plate Detected: GQ, Color: Yellow, Bounding Box: [1077, 372, 1118, 407]
2025-06-21 12:53:06,913 - INFO - ## License Plate Detected: 7, Color: Yellow, Bounding Box: [1056, 377, 1098, 410]
2025-06-21 12:53:08,378 - INFO - ## License Plate Detected: , Color: Yellow, Bounding Box: [1037, 379, 1077, 412]
2025-06-21 12:53:09,859 - INFO - ## License Plate Detected: , Color: Yellow, Bounding Box: [1183, 329, 1210, 440]
2025-06-21 12:53:15,483 - INFO - ## License Plate Detected: , Color: Yellow, Bounding Box: [1110, 364, 1136, 452]
2025-06-21 12:53:15,847 - INFO - ## License Plate Detected: , Color: Yellow, Bounding Box: [924, 385, 970, 425]
2025-06-21 12:53:16,249 - INFO - ## License Plate Detected: , Color: Yellow, Bounding Box: [1111, 335, 1137, 452]
2025-06-21 12:53:18,061 - INFO - ## License Plate Detected: , Color: Yellow, Bounding Box: [898, 384, 945, 426]
2025-06-21 12:53:19,842 - INFO - ## License Plate Detected: , Color: Yellow, Bounding Box: [871, 384, 919, 427]
2025-06-21 12:53:21,678 - INFO - ## License Plate Detected: , Color: Yellow, Bounding Box: [842, 386, 892, 431]
2025-06-21 12:53:23,346 - INFO - ## License Plate Detected: , Color: Yellow, Bounding Box: [815, 389, 864, 435]
2025-06-21 12:53:24,877 - INFO - ## License Plate Detected: , Color: Yellow, Bounding Box: [785, 393, 833, 442]
2025-06-21 12:53:28,055 - INFO - ## License Plate Detected: , Color: Yellow, Bounding Box: [720, 405, 774, 454]
2025-06-21 12:53:29,552 - INFO - ## License Plate Detected: , Color: Yellow, Bounding Box: [688, 409, 743, 459]
2025-06-21 12:53:31,062 - INFO - ## License Plate Detected: , Color: Yellow, Bounding Box: [651, 415, 707, 466]
2025-06-21 12:53:32,559 - INFO - ## License Plate Detected: , Color: Yellow, Bounding Box: [614, 418, 670, 470]
2025-06-21 12:53:35,330 - INFO - ## License Plate Detected: , Color: Yellow, Bounding Box: [531, 425, 590, 478]
2025-06-21 12:53:36,839 - INFO - ## License Plate Detected: CE, Color: Yellow, Bounding Box: [489, 429, 551, 484]
2025-06-21 12:53:38,362 - INFO - ## License Plate Detected: , Color: Yellow, Bounding Box: [443, 432, 505, 487]
2025-06-21 12:53:39,889 - INFO - ## License Plate Detected: , Color: Yellow, Bounding Box: [393, 435, 459, 494]
2025-06-21 12:53:41,428 - INFO - ## License Plate Detected: , Color: Yellow, Bounding Box: [345, 442, 409, 501]
2025-06-21 12:53:43,040 - INFO - ## License Plate Detected: EX, Color: Yellow, Bounding Box: [289, 450, 358, 508]
2025-06-21 12:53:44,555 - INFO - ## License Plate Detected: 64, Color: Yellow, Bounding Box: [231, 456, 301, 517]
2025-06-21 12:53:46,147 - INFO - ## License Plate Detected: EY, Color: Yellow, Bounding Box: [168, 463, 243, 529]
2025-06-21 12:53:47,713 - INFO - ## License Plate Detected: 4, Color: Yellow, Bounding Box: [100, 472, 178, 534]
2025-06-21 12:53:54,395 - INFO - ## License Plate Detected: , Color: Yellow, Bounding Box: [0, 550, 43, 623]
2025-06-21 12:56:42,698 - INFO - ## License Plate Detected: , Color: Yellow, Bounding Box: [0, 55, 23, 145]
2025-06-21 12:57:03,440 - INFO - ## License Plate Detected: , Color: Yellow, Bounding Box: [0, 163, 31, 236]
2025-06-21 12:57:09,816 - INFO - ## License Plate Detected: , Color: Yellow, Bounding Box: [0, 189, 29, 269]
2025-06-21 12:58:21,700 - INFO - ## License Plate Detected: , Color: Yellow, Bounding Box: [172, 108, 236, 171]
2025-06-21 12:58:23,519 - INFO - ## License Plate Detected: IED, Color: Yellow, Bounding Box: [173, 109, 235, 170]
2025-06-21 12:58:36,562 - INFO - ## License Plate Detected: , Color: Yellow, Bounding Box: [172, 107, 236, 170]
2025-06-21 12:58:43,441 - INFO - ## License Plate Detected: , Color: Yellow, Bounding Box: [172, 105, 235, 169]
2025-06-21 12:58:45,373 - INFO - ## License Plate Detected: EL, Color: Yellow, Bounding Box: [173, 107, 235, 170]
2025-06-21 12:58:46,990 - INFO - ## License Plate Detected: , Color: Yellow, Bounding Box: [173, 107, 235, 169]
2025-06-21 12:59:36,374 - INFO - ## License Plate Detected: KIEL, Color: Yellow, Bounding Box: [219, 25, 280, 85]
2025-06-21 12:59:42,349 - INFO - ## License Plate Detected: ISTE, Color: Yellow, Bounding Box: [223, 11, 287, 69]
2025-06-21 12:59:45,847 - INFO - ## License Plate Detected: , Color: Yellow, Bounding Box: [226, 3, 291, 59]
2025-06-21 12:59:48,953 - INFO - ## License Plate Detected: KIEL, Color: Yellow, Bounding Box: [231, 1, 295, 53]
2025-06-21 13:01:05,010 - INFO - ## License Plate Detected: ICED, Color: Yellow, Bounding Box: [346, 18, 408, 77]
2025-06-21 13:01:06,593 - INFO - ## License Plate Detected: , Color: Yellow, Bounding Box: [351, 22, 410, 82]
2025-06-21 13:01:08,353 - INFO - ## License Plate Detected: , Color: Yellow, Bounding Box: [356, 29, 414, 88]
2025-06-21 13:01:11,969 - INFO - ## License Plate Detected: , Color: Yellow, Bounding Box: [364, 44, 423, 100]
2025-06-21 13:01:13,517 - INFO - ## License Plate Detected: , Color: Yellow, Bounding Box: [367, 48, 425, 103]
2025-06-21 13:01:15,094 - INFO - ## License Plate Detected: , Color: Yellow, Bounding Box: [369, 48, 426, 107]
2025-06-21 13:01:51,747 - INFO - ## License Plate Detected: ES, Color: White, Bounding Box: [0, 417, 44, 440]
2025-06-21 13:02:36,765 - INFO - ## License Plate Detected: , Color: Yellow, Bounding Box: [1695, 347, 1734, 402]
2025-06-21 13:02:57,054 - INFO - ## License Plate Detected: , Color: Yellow, Bounding Box: [508, 60, 569, 122]
2025-06-21 13:04:19,989 - INFO - ## License Plate Detected: HEE, Color: Yellow, Bounding Box: [1372, 772, 1444, 808]
2025-06-21 13:04:22,131 - INFO - ## License Plate Detected: AE, Color: Yellow, Bounding Box: [1373, 770, 1446, 808]
2025-06-21 13:04:22,676 - INFO - ## License Plate Detected: E, Color: Yellow, Bounding Box: [954, 524, 1012, 539]
2025-06-21 13:04:24,754 - INFO - ## License Plate Detected: NAE, Color: Yellow, Bounding Box: [1376, 769, 1451, 807]
2025-06-21 13:04:25,225 - INFO - ## License Plate Detected: ASE, Color: Yellow, Bounding Box: [954, 525, 1012, 540]
2025-06-21 13:04:28,891 - INFO - ## License Plate Detected: YWEAE, Color: Yellow, Bounding Box: [1380, 769, 1453, 806]
2025-06-21 13:04:32,727 - INFO - ## License Plate Detected: HBOBE, Color: Yellow, Bounding Box: [1380, 768, 1457, 805]
2025-06-21 13:04:36,681 - INFO - ## License Plate Detected: A, Color: Yellow, Bounding Box: [1385, 767, 1458, 804]
2025-06-21 13:04:41,131 - INFO - ## License Plate Detected: EAGER, Color: Yellow, Bounding Box: [1384, 765, 1458, 803]
2025-06-21 13:04:45,526 - INFO - ## License Plate Detected: ARORE, Color: Yellow, Bounding Box: [1388, 765, 1460, 803]
2025-06-21 13:04:45,975 - INFO - ## License Plate Detected: HAE, Color: Yellow, Bounding Box: [952, 524, 1012, 543]
2025-06-21 13:04:51,037 - INFO - ## License Plate Detected: AGA, Color: Yellow, Bounding Box: [1391, 764, 1462, 803]
2025-06-21 13:04:54,564 - INFO - ## License Plate Detected: TNAOE, Color: Yellow, Bounding Box: [1392, 764, 1464, 803]
2025-06-21 13:04:56,246 - INFO - ## License Plate Detected: AAAAE, Color: Yellow, Bounding Box: [1398, 765, 1467, 802]
2025-06-21 13:04:57,904 - INFO - ## License Plate Detected: WEE, Color: Yellow, Bounding Box: [1399, 764, 1468, 802]
2025-06-21 13:04:59,326 - INFO - ## License Plate Detected: THA, Color: Yellow, Bounding Box: [1397, 761, 1470, 801]
2025-06-21 13:05:01,180 - INFO - ## License Plate Detected: WEARE, Color: Yellow, Bounding Box: [1402, 763, 1472, 801]
2025-06-21 13:05:04,708 - INFO - ## License Plate Detected: NAGE, Color: Yellow, Bounding Box: [1401, 762, 1473, 801]
2025-06-21 13:05:08,582 - INFO - ## License Plate Detected: AE, Color: Yellow, Bounding Box: [1404, 762, 1475, 800]
2025-06-21 13:05:11,590 - INFO - ## License Plate Detected: AAGAE, Color: Yellow, Bounding Box: [1409, 763, 1476, 800]
2025-06-21 13:05:14,698 - INFO - ## License Plate Detected: HSOSS, Color: Yellow, Bounding Box: [1413, 763, 1478, 800]
2025-06-21 13:05:18,532 - INFO - ## License Plate Detected: EEE, Color: Yellow, Bounding Box: [1413, 762, 1480, 800]
2025-06-21 13:05:21,781 - INFO - ## License Plate Detected: WEAPE, Color: Yellow, Bounding Box: [1413, 761, 1481, 799]
2025-06-21 13:05:24,921 - INFO - ## License Plate Detected: HERS, Color: Yellow, Bounding Box: [1416, 762, 1481, 798]
2025-06-21 13:05:28,306 - INFO - ## License Plate Detected: HS086, Color: Yellow, Bounding Box: [1413, 760, 1483, 796]
2025-06-21 13:05:34,184 - INFO - ## License Plate Detected: H8086, Color: Yellow, Bounding Box: [1414, 756, 1487, 795]
2025-06-21 13:05:40,222 - INFO - ## License Plate Detected: IEEE, Color: Yellow, Bounding Box: [1416, 756, 1490, 795]
2025-06-21 13:05:46,878 - INFO - ## License Plate Detected: FADIAREAT, Color: Yellow, Bounding Box: [922, 524, 987, 547]
2025-06-21 13:06:01,502 - INFO - ## License Plate Detected: PUATEAS, Color: Yellow, Bounding Box: [907, 522, 975, 545]
2025-06-21 13:06:04,904 - INFO - ## License Plate Detected: TRS, Color: Yellow, Bounding Box: [904, 522, 971, 546]
2025-06-21 13:06:08,099 - INFO - ## License Plate Detected: UECNEEEMNMALL, Color: Yellow, Bounding Box: [901, 520, 968, 545]
2025-06-21 13:06:11,348 - INFO - ## License Plate Detected: RLS, Color: Yellow, Bounding Box: [898, 518, 967, 546]
2025-06-21 13:06:14,544 - INFO - ## License Plate Detected: LF, Color: Yellow, Bounding Box: [894, 519, 963, 545]
2025-06-21 13:06:17,818 - INFO - ## License Plate Detected: TRANRLTEAS, Color: Yellow, Bounding Box: [887, 519, 960, 543]
2025-06-21 13:06:21,184 - INFO - ## License Plate Detected: ANE, Color: Yellow, Bounding Box: [885, 517, 958, 539]
2025-06-21 13:06:24,676 - INFO - ## License Plate Detected: NUBSED, Color: Yellow, Bounding Box: [882, 518, 952, 538]
2025-06-21 13:06:27,872 - INFO - ## License Plate Detected: , Color: Yellow, Bounding Box: [880, 516, 951, 537]
2025-06-21 13:06:31,185 - INFO - ## License Plate Detected: TUL168, Color: Yellow, Bounding Box: [874, 514, 945, 538]
2025-06-21 13:06:31,547 - INFO - ## License Plate Detected: AE, Color: Yellow, Bounding Box: [1445, 737, 1517, 774]
2025-06-21 13:06:36,224 - INFO - ## License Plate Detected: TUB1685, Color: Yellow, Bounding Box: [871, 514, 943, 538]
2025-06-21 13:06:37,050 - INFO - ## License Plate Detected: TORE, Color: Yellow, Bounding Box: [1448, 737, 1519, 772]
2025-06-21 13:06:40,518 - INFO - ## License Plate Detected: VACAERS, Color: Yellow, Bounding Box: [867, 514, 941, 538]
2025-06-21 13:06:40,884 - INFO - ## License Plate Detected: EAEE, Color: Yellow, Bounding Box: [1453, 735, 1523, 772]
2025-06-21 13:06:44,171 - INFO - ## License Plate Detected: , Color: Yellow, Bounding Box: [860, 513, 938, 538]
2025-06-21 13:06:44,593 - INFO - ## License Plate Detected: WEAR, Color: Yellow, Bounding Box: [1454, 732, 1527, 771]
2025-06-21 13:06:47,899 - INFO - ## License Plate Detected: , Color: Yellow, Bounding Box: [855, 512, 928, 537]
2025-06-21 13:06:48,354 - INFO - ## License Plate Detected: THAAE, Color: Yellow, Bounding Box: [1457, 730, 1528, 768]
2025-06-21 13:06:51,694 - INFO - ## License Plate Detected: , Color: Yellow, Bounding Box: [848, 510, 922, 537]
2025-06-21 13:06:52,073 - INFO - ## License Plate Detected: TE, Color: Yellow, Bounding Box: [1462, 728, 1529, 768]
2025-06-21 13:06:55,500 - INFO - ## License Plate Detected: , Color: Yellow, Bounding Box: [843, 511, 919, 536]
2025-06-21 13:06:55,935 - INFO - ## License Plate Detected: AE, Color: Yellow, Bounding Box: [1455, 726, 1531, 765]
2025-06-21 13:06:59,306 - INFO - ## License Plate Detected: , Color: Yellow, Bounding Box: [837, 510, 915, 535]
2025-06-21 13:06:59,685 - INFO - ## License Plate Detected: TE, Color: Yellow, Bounding Box: [1459, 725, 1535, 766]
2025-06-21 13:07:03,032 - INFO - ## License Plate Detected: , Color: Yellow, Bounding Box: [831, 511, 912, 540]
2025-06-21 13:07:03,500 - INFO - ## License Plate Detected: WNAEER, Color: Yellow, Bounding Box: [1458, 725, 1535, 763]
2025-06-21 13:07:06,862 - INFO - ## License Plate Detected: , Color: Yellow, Bounding Box: [826, 511, 906, 535]
2025-06-21 13:07:07,229 - INFO - ## License Plate Detected: EEE, Color: Yellow, Bounding Box: [1463, 724, 1538, 762]
2025-06-21 13:07:11,886 - INFO - ## License Plate Detected: , Color: Yellow, Bounding Box: [819, 510, 898, 535]
2025-06-21 13:07:12,518 - INFO - ## License Plate Detected: EAE, Color: Yellow, Bounding Box: [1465, 724, 1538, 761]
2025-06-21 13:07:16,321 - INFO - ## License Plate Detected: , Color: Yellow, Bounding Box: [811, 514, 894, 538]
2025-06-21 13:07:16,632 - INFO - ## License Plate Detected: AE, Color: Yellow, Bounding Box: [1466, 722, 1540, 761]
2025-06-21 13:07:18,135 - INFO - ## License Plate Detected: , Color: Yellow, Bounding Box: [803, 509, 888, 536]
2025-06-21 13:07:20,057 - INFO - ## License Plate Detected: , Color: Yellow, Bounding Box: [798, 509, 878, 532]
2025-06-21 13:07:20,378 - INFO - ## License Plate Detected: TASC, Color: Yellow, Bounding Box: [1469, 719, 1545, 757]
2025-06-21 13:07:22,606 - INFO - ## License Plate Detected: AA, Color: Yellow, Bounding Box: [792, 508, 871, 532]
2025-06-21 13:07:22,910 - INFO - ## License Plate Detected: EE, Color: Yellow, Bounding Box: [1473, 719, 1547, 756]
2025-06-21 13:07:23,212 - INFO - ## License Plate Detected: , Color: Yellow, Bounding Box: [791, 506, 878, 539]
2025-06-21 13:07:26,718 - INFO - ## License Plate Detected: TISS, Color: Yellow, Bounding Box: [785, 508, 867, 531]
2025-06-21 13:07:27,164 - INFO - ## License Plate Detected: AAAE, Color: Yellow, Bounding Box: [1474, 717, 1548, 756]
2025-06-21 13:07:31,759 - INFO - ## License Plate Detected: THANBL1688, Color: Yellow, Bounding Box: [777, 508, 861, 531]
2025-06-21 13:07:32,214 - INFO - ## License Plate Detected: AGATE, Color: Yellow, Bounding Box: [1478, 716, 1548, 754]
2025-06-21 13:07:36,087 - INFO - ## License Plate Detected: TH4981605, Color: Yellow, Bounding Box: [768, 508, 852, 531]
2025-06-21 13:07:36,732 - INFO - ## License Plate Detected: 8086, Color: Yellow, Bounding Box: [1481, 715, 1549, 753]
2025-06-21 13:07:41,425 - INFO - ## License Plate Detected: TH498I1685, Color: Yellow, Bounding Box: [757, 508, 843, 531]
2025-06-21 13:07:41,876 - INFO - ## License Plate Detected: AAAE, Color: Yellow, Bounding Box: [1478, 714, 1549, 752]
2025-06-21 13:07:47,398 - INFO - ## License Plate Detected: WANLESS, Color: Yellow, Bounding Box: [748, 505, 835, 530]
2025-06-21 13:07:48,220 - INFO - ## License Plate Detected: AEOAE, Color: Yellow, Bounding Box: [1480, 713, 1549, 751]
2025-06-21 13:07:53,487 - INFO - ## License Plate Detected: THA, Color: Yellow, Bounding Box: [740, 505, 822, 529]
2025-06-21 13:07:53,930 - INFO - ## License Plate Detected: AEOEE, Color: Yellow, Bounding Box: [1477, 712, 1550, 750]
2025-06-21 13:07:57,934 - INFO - ## License Plate Detected: TW49811685, Color: Yellow, Bounding Box: [729, 508, 817, 531]
2025-06-21 13:07:58,387 - INFO - ## License Plate Detected: WAEAE, Color: Yellow, Bounding Box: [1477, 711, 1551, 748]
2025-06-21 13:08:02,249 - INFO - ## License Plate Detected: 14981685, Color: Yellow, Bounding Box: [721, 509, 806, 531]
2025-06-21 13:08:02,683 - INFO - ## License Plate Detected: TAE, Color: Yellow, Bounding Box: [1478, 708, 1551, 747]
2025-06-21 13:08:07,540 - INFO - ## License Plate Detected: THA9BL1685, Color: Yellow, Bounding Box: [708, 507, 796, 531]
2025-06-21 13:08:07,996 - INFO - ## License Plate Detected: TNASE, Color: Yellow, Bounding Box: [1481, 705, 1553, 745]
2025-06-21 13:08:15,346 - INFO - ## License Plate Detected: TWADBIAS, Color: Yellow, Bounding Box: [699, 507, 789, 533]
2025-06-21 13:08:16,992 - INFO - ## License Plate Detected: THASE, Color: Yellow, Bounding Box: [1481, 704, 1553, 744]
2025-06-21 13:08:26,278 - INFO - ## License Plate Detected: WWAOBI168S, Color: Yellow, Bounding Box: [684, 507, 776, 532]
2025-06-21 13:08:26,987 - INFO - ## License Plate Detected: NAAE, Color: Yellow, Bounding Box: [1481, 704, 1553, 744]
2025-06-21 13:08:30,955 - INFO - ## License Plate Detected: TN4981685, Color: Yellow, Bounding Box: [676, 507, 767, 533]
2025-06-21 13:08:31,443 - INFO - ## License Plate Detected: EREJ, Color: Yellow, Bounding Box: [1480, 704, 1553, 743]
2025-06-21 13:08:35,800 - INFO - ## License Plate Detected: J, Color: Yellow, Bounding Box: [662, 508, 755, 533]
2025-06-21 13:08:36,463 - INFO - ## License Plate Detected: TEEJ, Color: Yellow, Bounding Box: [1481, 703, 1553, 741]
2025-06-21 13:08:40,209 - INFO - ## License Plate Detected: TN498, Color: Yellow, Bounding Box: [651, 510, 743, 535]
2025-06-21 13:08:40,673 - INFO - ## License Plate Detected: TNASC, Color: Yellow, Bounding Box: [1480, 702, 1553, 740]
2025-06-21 13:08:45,259 - INFO - ## License Plate Detected: , Color: Yellow, Bounding Box: [637, 510, 731, 536]
2025-06-21 13:08:50,644 - INFO - ## License Plate Detected: W4981685, Color: Yellow, Bounding Box: [627, 512, 721, 538]
2025-06-21 13:08:51,135 - INFO - ## License Plate Detected: EAE, Color: Yellow, Bounding Box: [1479, 700, 1552, 739]
2025-06-21 13:08:55,028 - INFO - ## License Plate Detected: 7N49B1685, Color: Yellow, Bounding Box: [610, 513, 707, 540]
2025-06-21 13:08:55,573 - INFO - ## License Plate Detected: 7N4981685, Color: Yellow, Bounding Box: [615, 511, 703, 547]
2025-06-21 13:08:56,075 - INFO - ## License Plate Detected: ANAAE, Color: Yellow, Bounding Box: [1477, 700, 1552, 738]
2025-06-21 13:08:59,954 - INFO - ## License Plate Detected: 7N4981685, Color: Yellow, Bounding Box: [594, 514, 698, 543]
2025-06-21 13:09:00,406 - INFO - ## License Plate Detected: WAAAE, Color: Yellow, Bounding Box: [1475, 699, 1553, 738]
2025-06-21 13:09:04,094 - INFO - ## License Plate Detected: 1N4981685, Color: Yellow, Bounding Box: [580, 517, 681, 543]
2025-06-21 13:09:04,554 - INFO - ## License Plate Detected: HB086, Color: Yellow, Bounding Box: [1475, 699, 1552, 737]
2025-06-21 13:09:09,020 - INFO - ## License Plate Detected: TN49BJ1685, Color: Yellow, Bounding Box: [564, 521, 668, 546]
2025-06-21 13:09:09,467 - INFO - ## License Plate Detected: EL, Color: Yellow, Bounding Box: [1475, 699, 1552, 737]
2025-06-21 13:09:14,197 - INFO - ## License Plate Detected: 7W49B1685, Color: Yellow, Bounding Box: [545, 521, 653, 551]
2025-06-21 13:09:14,985 - INFO - ## License Plate Detected: WNEGE, Color: Yellow, Bounding Box: [1476, 699, 1552, 736]
2025-06-21 13:09:18,811 - INFO - ## License Plate Detected: TH49BJ1685, Color: Yellow, Bounding Box: [532, 525, 636, 551]
2025-06-21 13:09:19,251 - INFO - ## License Plate Detected: TEASER, Color: Yellow, Bounding Box: [1477, 698, 1553, 735]
2025-06-21 13:09:23,895 - INFO - ## License Plate Detected: TNA9BJ1685, Color: Yellow, Bounding Box: [515, 526, 620, 555]
2025-06-21 13:09:28,969 - INFO - ## License Plate Detected: TN49BJ1685, Color: Yellow, Bounding Box: [494, 527, 604, 556]
2025-06-21 13:09:29,524 - INFO - ## License Plate Detected: TNASE, Color: Yellow, Bounding Box: [1482, 696, 1553, 734]
2025-06-21 13:09:33,056 - INFO - ## License Plate Detected: TN49BJ1685, Color: Yellow, Bounding Box: [475, 529, 587, 558]
2025-06-21 13:09:38,321 - INFO - ## License Plate Detected: TN49, Color: Yellow, Bounding Box: [459, 531, 572, 561]
2025-06-21 13:09:38,814 - INFO - ## License Plate Detected: TAGE, Color: Yellow, Bounding Box: [1480, 695, 1555, 733]
2025-06-21 13:09:42,289 - INFO - ## License Plate Detected: TN49BJ1685, Color: Yellow, Bounding Box: [438, 534, 552, 565]
2025-06-21 13:09:42,726 - INFO - ## License Plate Detected: EE, Color: Yellow, Bounding Box: [1480, 695, 1555, 732]
2025-06-21 13:09:47,483 - INFO - ## License Plate Detected: TN498, Color: Yellow, Bounding Box: [416, 536, 534, 568]
2025-06-21 13:09:47,993 - INFO - ## License Plate Detected: TAE, Color: Yellow, Bounding Box: [1479, 694, 1555, 732]
2025-06-21 13:09:53,041 - INFO - ## License Plate Detected: 7W498J1685, Color: Yellow, Bounding Box: [393, 540, 511, 574]
2025-06-21 13:09:53,519 - INFO - ## License Plate Detected: THASE, Color: Yellow, Bounding Box: [1481, 694, 1555, 732]
2025-06-21 13:09:57,161 - INFO - ## License Plate Detected: TN49BJ1685, Color: Yellow, Bounding Box: [370, 546, 490, 578]
2025-06-21 13:09:57,655 - INFO - ## License Plate Detected: TNASE, Color: Yellow, Bounding Box: [1480, 694, 1555, 731]
2025-06-21 13:10:01,396 - INFO - ## License Plate Detected: TN49BJ1685, Color: Yellow, Bounding Box: [346, 550, 467, 581]
2025-06-21 13:10:01,856 - INFO - ## License Plate Detected: AROEE, Color: Yellow, Bounding Box: [1480, 694, 1555, 732]
2025-06-21 13:10:05,914 - INFO - ## License Plate Detected: N49BJ1685, Color: Yellow, Bounding Box: [320, 551, 445, 585]
2025-06-21 13:10:06,437 - INFO - ## License Plate Detected: ANAAE, Color: Yellow, Bounding Box: [1480, 693, 1555, 732]
2025-06-21 13:10:10,940 - INFO - ## License Plate Detected: TN49BJ1685, Color: Yellow, Bounding Box: [293, 553, 421, 591]
2025-06-21 13:10:11,588 - INFO - ## License Plate Detected: TNASE, Color: Yellow, Bounding Box: [1481, 693, 1554, 732]
2025-06-21 13:10:15,391 - INFO - ## License Plate Detected: TN4981685, Color: Yellow, Bounding Box: [265, 558, 395, 594]
2025-06-21 13:10:15,825 - INFO - ## License Plate Detected: TNASE, Color: Yellow, Bounding Box: [1480, 693, 1554, 732]
2025-06-21 13:10:19,706 - INFO - ## License Plate Detected: TN4981685, Color: Yellow, Bounding Box: [234, 562, 369, 600]
2025-06-21 13:10:20,194 - INFO - ## License Plate Detected: AE, Color: Yellow, Bounding Box: [1481, 694, 1555, 732]
2025-06-21 13:10:24,222 - INFO - ## License Plate Detected: TN49BJ1685, Color: Yellow, Bounding Box: [208, 569, 341, 604]
2025-06-21 13:10:24,647 - INFO - ## License Plate Detected: HBO86, Color: Yellow, Bounding Box: [1482, 693, 1555, 732]
2025-06-21 13:10:28,721 - INFO - ## License Plate Detected: TN49BJ1685, Color: Yellow, Bounding Box: [176, 571, 314, 611]
2025-06-21 13:10:29,225 - INFO - ## License Plate Detected: TAGE, Color: Yellow, Bounding Box: [1482, 693, 1555, 732]
2025-06-21 13:10:34,045 - INFO - ## License Plate Detected: TN49BJ1685, Color: Yellow, Bounding Box: [139, 575, 286, 617]
2025-06-21 13:10:34,489 - INFO - ## License Plate Detected: IMAGE, Color: Yellow, Bounding Box: [1481, 693, 1554, 732]
2025-06-21 13:10:38,112 - INFO - ## License Plate Detected: 1N49BJ1685, Color: Yellow, Bounding Box: [107, 579, 251, 623]
2025-06-21 13:10:38,629 - INFO - ## License Plate Detected: TNASG, Color: Yellow, Bounding Box: [1480, 694, 1554, 732]
2025-06-21 13:10:42,602 - INFO - ## License Plate Detected: 1N49BJ1685, Color: Yellow, Bounding Box: [67, 584, 219, 628]
2025-06-21 13:10:43,052 - INFO - ## License Plate Detected: TEE, Color: Yellow, Bounding Box: [1480, 694, 1554, 732]
2025-06-21 13:10:47,998 - INFO - ## License Plate Detected: TN49BU1685, Color: Yellow, Bounding Box: [29, 593, 181, 636]
2025-06-21 13:10:48,610 - INFO - ## License Plate Detected: HBO86, Color: Yellow, Bounding Box: [1483, 694, 1554, 732]
2025-06-21 13:10:55,038 - INFO - ## License Plate Detected: N49BJ1685, Color: Yellow, Bounding Box: [1, 598, 144, 644]
2025-06-21 13:10:55,289 - INFO - ## License Plate Detected: TRGAE, Color: Yellow, Bounding Box: [1481, 695, 1554, 732]
2025-06-21 13:10:56,821 - INFO - ## License Plate Detected: 1BJ1685, Color: Yellow, Bounding Box: [0, 606, 103, 651]
2025-06-21 13:10:58,261 - INFO - ## License Plate Detected: 1685, Color: Yellow, Bounding Box: [0, 615, 63, 662]
2025-06-21 13:10:59,818 - INFO - ## License Plate Detected: EY, Color: Yellow, Bounding Box: [0, 624, 18, 669]
2025-06-21 13:11:00,084 - INFO - ## License Plate Detected: AE, Color: Yellow, Bounding Box: [1482, 695, 1555, 732]
2025-06-21 13:11:01,695 - INFO - ## License Plate Detected: ML, Color: Yellow, Bounding Box: [1483, 695, 1554, 732]
2025-06-21 13:11:03,523 - INFO - ## License Plate Detected: HBORE, Color: Yellow, Bounding Box: [1483, 695, 1554, 732]
2025-06-21 13:11:15,692 - INFO - ## License Plate Detected: WAGES, Color: Yellow, Bounding Box: [1483, 748, 1558, 787]
2025-06-21 13:11:34,965 - INFO - ## License Plate Detected: TWAAE, Color: Yellow, Bounding Box: [1481, 748, 1557, 787]
2025-06-21 13:11:41,775 - INFO - ## License Plate Detected: ANGE, Color: Yellow, Bounding Box: [1480, 748, 1557, 787]
2025-06-21 13:11:45,559 - INFO - ## License Plate Detected: TNS, Color: Yellow, Bounding Box: [1481, 748, 1557, 787]
2025-06-23 11:22:46,793 - INFO - ## License Plate Detected: , Color: White, Bounding Box: [253, 545, 389, 588]
2025-06-23 11:22:48,786 - INFO - ## License Plate Detected: ITWASCKES11, Color: White, Bounding Box: [160, 569, 302, 611]
2025-06-23 11:22:50,519 - INFO - ## License Plate Detected: 5THASCEES7, Color: White, Bounding Box: [49, 595, 208, 644]
2025-06-23 11:22:52,653 - INFO - ## License Plate Detected: S541, Color: White, Bounding Box: [0, 639, 84, 684]
2025-06-23 11:23:12,585 - INFO - ## License Plate Detected: TNOZAU2673, Color: White, Bounding Box: [360, 592, 477, 633]
2025-06-23 11:23:14,268 - INFO - ## License Plate Detected: TNO2AU2673, Color: White, Bounding Box: [268, 613, 393, 652]
2025-06-23 11:23:17,313 - INFO - ## License Plate Detected: TNOZAU2673, Color: White, Bounding Box: [10, 661, 165, 714]
